[
    {
        "problemId": 6,
        "seed": 0,
        "solution": "ia! ia!4aa4hggg4a44jajiaaaggjjajg444jigijha",
        "tag": "5d60cf5b886275f11e3a746aa59dff98 18:0:18"
    }
]
