[{"problemId":0,"seed":0,"tag":"TEST","solution":"llllllllllalllllllllallllllllllllllkaaalllllaaaaalllklaaaaaalllaaaaaaalkaaaaaldpaaaaaaaklllllkllkalllkkklkkppaaaaakalkaalllldakallllkallldlkaaaalddbllllllppaaaallkbllllak"}]
