[{"tag": "f5fbd1c227cd05992eb56fd44e128e96 18:324:342", "seed": 0, "solution": "ei! ei! ei! ei!4aa4hggg4a44jajiaaaggjjajg444jigijhag", "problemId": 6}]
