[ { "problemId": 0
  , "seed":      0
  , "tag":       "phony"
  , "solution":  "phony" } ]
