[ {"solution": "aaaaalalalalaaaaaaalllllaalllllllllalalalabbllllbbbbbbbbbbb", "seed": 0, "problemId": 4, "tag": "vlad"}]
